VACS 2650 Cross Assembler V1.24h/w32                                           Page 1

0000              ;2650 Equates-------------------------------------------------
              --> ------------
0000 = 00000000   z              equ 0
0000 = 00000000   eq             equ z
0000 = 00000001   p              equ 1
0000 = 00000001   gt             equ p
0000 = 00000002   n              equ 2
0000 = 00000002   lt             equ n
0000 = 00000003   un             equ 3
0000              
0000 = 00000000   page0 equ 0
0000 = 00002000   page1 equ 2000h 
0000 = 00004000   page2 equ 4000h 
0000 = 00006000   page3 equ 6000h 
0000 = 00008000   page4 equ 8000h 
0000              
2000                     org     2000H
2000 60                 lodz r0
2001 01                 lodz r1
2002 02                 lodz r2
2003 03                 lodz r3
2004              
2004 C0           third:   nop
2005 0C0008              loda,r0 here3
2008              
2008 20           here3: db 20h
2009              
0000                     org     0000H
0000              
0000              first:  
0000 0C0003              loda,r0  here1
0003              here1:
0003 10                  db 10h
0004 1F2000              bcta,un second+page1
0007 1F2004              bcta,un third
000A 60                  lodz r0
000B              
0000                     org     000H
0000              
0000              second:
0000 0C0003              loda,r0 here2
0003              here2:
0003 20                  db 20h
0004              
0004              
0004                     
0004 > 0000        end
VACS 2650 Cross Assembler V1.24h/w32                                           Page 2
List of Identifiers

%lodz (default). . . . . . . . . = Section  2000-0003 (Byte)
EQ . . . . . . . . . . . . . . . = Value    00000000 (not used)
FIRST. . . . . . . . . . . . . . = Value    00000000 (not used)
GT . . . . . . . . . . . . . . . = Value    00000001 (not used)
HERE1. . . . . . . . . . . . . . = Value    00000003
HERE2. . . . . . . . . . . . . . = Value    00000003
HERE3. . . . . . . . . . . . . . = Value    00002008
LT . . . . . . . . . . . . . . . = Value    00000002 (not used)
N. . . . . . . . . . . . . . . . = Value    00000002
P. . . . . . . . . . . . . . . . = Value    00000001
PAGE0. . . . . . . . . . . . . . = Value    00000000 (not used)
PAGE1. . . . . . . . . . . . . . = Value    00002000
PAGE2. . . . . . . . . . . . . . = Value    00004000 (not used)
PAGE3. . . . . . . . . . . . . . = Value    00006000 (not used)
PAGE4. . . . . . . . . . . . . . = Value    00008000 (not used)
SECOND . . . . . . . . . . . . . = Value    00000000
THIRD. . . . . . . . . . . . . . = Value    00002004
UN . . . . . . . . . . . . . . . = Value    00000003
Z. . . . . . . . . . . . . . . . = Value    00000000

Module Name:     *NONAME*
Module Checksum: 0000028A

Saturday, May 31, 2003  10:01:52

          46 Source Lines      46 Assembled Lines        14340 Bytes Available

                >>>>   No Assembly Errors Detected.   <<<<
