VACS 2650 Cross Assembler V1.24g/w32                                           Page 1

0000              ;2650 Equates-------------------------------------------------
              --> ------------
0000 = 00000000   z              equ 0
0000 = 00000000   eq             equ z
0000 = 00000001   p              equ 1
0000 = 00000001   gt             equ p
0000 = 00000002   n              equ 2
0000 = 00000002   lt             equ n
0000 = 00000003   un             equ 3
0000              
0000              
0000              
0000                      org     0000H       ; first 4k, $0000/page 0
0000                      first:   
0000 0C0009                       loda,r0  here1
0003 1F2000                       bcta,un  second
0006 1F2006                       bcta,un  here2
0009                      here1:
0009 10                           db 10h            
000A                             
000A                              ;db 16*256 dup (?)
000A 010101010101                 dbfill 390,1
0190              
2000                      org     2000H       ; we're now on $1000, which reside
              --> s at $2000, that is $0000/page1
2000                      second: 
2000 0C0006                       loda,r0  here2
2003 1F0000                       bcta,un  first
2006                              ;loda,r0  here1  ;page boundary violation
2006                      here2:
2006 20                           db 20h
2007              
2007              
2007              
3000                      org     3000H       ; we're now on $3000, $1000/page1
3000 C0                           nop
3001 0C0006                       loda,r0  here2  ; does work, since we're still
              -->  on page1
3004 0C100A                       loda,r0  here3
3007 1F0000                       bcta,un  first
300A                              ;loda,r0  here1  ; page boundary violation
300A                      here3:
300A 20                           db 20h
300B              
300B              
300B              
4000                      org     4000H       ; we're now on $4000, $0000/page2
4000 C0                           nop
4001                              ;loda,r0  here3  ; page boundary violation
4001 0C000A                       loda,r0  here4
4004 1F0000                       bcta,un  first
4007 1F2000                       bcta,un  second
400A                              ;loda,r0 here1 ; page boundary violation
400A                      here4:
400A 20                           db 20h
400B              
400B              
400B > 0000       end
VACS 2650 Cross Assembler V1.24g/w32                                           Page 2
List of Identifiers

%test (default). . . . . . . . . = Section  0000-400A (Byte)
EQ . . . . . . . . . . . . . . . = Value    00000000 (not used)
FIRST. . . . . . . . . . . . . . = Value    00000000
GT . . . . . . . . . . . . . . . = Value    00000001 (not used)
HERE1. . . . . . . . . . . . . . = Value    00000009
HERE2. . . . . . . . . . . . . . = Value    00002006
HERE3. . . . . . . . . . . . . . = Value    0000300A
HERE4. . . . . . . . . . . . . . = Value    0000400A
LT . . . . . . . . . . . . . . . = Value    00000002 (not used)
N. . . . . . . . . . . . . . . . = Value    00000002
P. . . . . . . . . . . . . . . . = Value    00000001
SECOND . . . . . . . . . . . . . = Value    00002000
UN . . . . . . . . . . . . . . . = Value    00000003
Z. . . . . . . . . . . . . . . . = Value    00000000

Module Name:     *NONAME*
Module Checksum: 0000050B

Sunday, April 6, 2003  17:30:10

          55 Source Lines      55 Assembled Lines        14340 Bytes Available

                >>>>   No Assembly Errors Detected.   <<<<
